  Γû▓ Next.js 14.2.33
  - Environments: .env.local, .env

   Creating an optimized production build ...
 Γ£ô Compiled successfully
   Linting and checking validity of types ...

./src/app/auth/login/page.tsx
237:13  Warning: Using `<img>` could result in slower LCP and higher bandwidth. Consider using `<Image />` from `next/image` to automatically optimize images. This may incur additional usage or cost from your provider. See: https://nextjs.org/docs/messages/no-img-element  @next/next/no-img-element

./src/app/auth/register/page.tsx
79:13  Warning: Using `<img>` could result in slower LCP and higher bandwidth. Consider using `<Image />` from `next/image` to automatically optimize images. This may incur additional usage or cost from your provider. See: https://nextjs.org/docs/messages/no-img-element  @next/next/no-img-element

./src/app/auth/reset-password/page.tsx
47:13  Warning: Using `<img>` could result in slower LCP and higher bandwidth. Consider using `<Image />` from `next/image` to automatically optimize images. This may incur additional usage or cost from your provider. See: https://nextjs.org/docs/messages/no-img-element  @next/next/no-img-element

./src/app/dashboard/alerts/page.tsx
46:6  Warning: React Hook useEffect has a missing dependency: 'fetchAlerts'. Either include it or remove the dependency array.  react-hooks/exhaustive-deps

./src/app/dashboard/checklists/[id]/page.tsx
96:6  Warning: React Hook useEffect has missing dependencies: 'fetchChecklist' and 'fetchSurgery'. Either include them or remove the dependency array.  react-hooks/exhaustive-deps

./src/app/dashboard/cssd/inventory/page.tsx
51:6  Warning: React Hook useEffect has a missing dependency: 'fetchInventory'. Either include it or remove the dependency array.  react-hooks/exhaustive-deps

./src/app/dashboard/emergency-alerts/display/page.tsx
147:6  Warning: React Hook useEffect has a missing dependency: 'fetchAlerts'. Either include it or remove the dependency array.  react-hooks/exhaustive-deps

./src/app/dashboard/fault-alerts/page.tsx
73:6  Warning: React Hook useEffect has a missing dependency: 'applyFilters'. Either include it or remove the dependency array.  react-hooks/exhaustive-deps

./src/app/dashboard/holding-area/[id]/page.tsx
95:6  Warning: React Hook useEffect has a missing dependency: 'fetchAssessment'. Either include it or remove the dependency array.  react-hooks/exhaustive-deps

./src/app/dashboard/layout.tsx
209:15  Warning: Using `<img>` could result in slower LCP and higher bandwidth. Consider using `<Image />` from `next/image` to automatically optimize images. This may incur additional usage or cost from your provider. See: https://nextjs.org/docs/messages/no-img-element  @next/next/no-img-element

./src/app/dashboard/mortality/[id]/audit/page.tsx
63:6  Warning: React Hook useEffect has a missing dependency: 'fetchMortality'. Either include it or remove the dependency array.  react-hooks/exhaustive-deps

./src/app/dashboard/pacu/[id]/page.tsx
139:6  Warning: React Hook useEffect has a missing dependency: 'fetchAssessment'. Either include it or remove the dependency array.  react-hooks/exhaustive-deps

./src/app/dashboard/patients/[id]/page.tsx
94:6  Warning: React Hook useEffect has a missing dependency: 'fetchPatient'. Either include it or remove the dependency array.  react-hooks/exhaustive-deps

./src/app/dashboard/reports/bom/page.tsx
55:6  Warning: React Hook useEffect has a missing dependency: 'fetchAnalytics'. Either include it or remove the dependency array.  react-hooks/exhaustive-deps

./src/app/dashboard/reports/staff-effectiveness/page.tsx
68:6  Warning: React Hook useEffect has a missing dependency: 'fetchAnalytics'. Either include it or remove the dependency array.  react-hooks/exhaustive-deps

./src/app/dashboard/surgeries/[id]/bom/page.tsx
59:6  Warning: React Hook useEffect has a missing dependency: 'fetchBOM'. Either include it or remove the dependency array.  react-hooks/exhaustive-deps

./src/app/dashboard/surgeries/[id]/consumables/page.tsx
76:6  Warning: React Hook useEffect has missing dependencies: 'fetchExistingConsumables' and 'fetchSurgery'. Either include them or remove the dependency array.  react-hooks/exhaustive-deps

./src/app/dashboard/surgeries/[id]/count/page.tsx
102:6  Warning: React Hook useEffect has a missing dependency: 'fetchCount'. Either include it or remove the dependency array.  react-hooks/exhaustive-deps

./src/app/dashboard/surgeries/[id]/page.tsx
70:6  Warning: React Hook useEffect has a missing dependency: 'fetchSurgery'. Either include it or remove the dependency array.  react-hooks/exhaustive-deps

./src/app/dashboard/surgeries/[id]/timing/page.tsx
65:6  Warning: React Hook useEffect has a missing dependency: 'fetchTiming'. Either include it or remove the dependency array.  react-hooks/exhaustive-deps

./src/app/dashboard/theatre-readiness/page.tsx
48:6  Warning: React Hook useEffect has a missing dependency: 'fetchTheatreStatus'. Either include it or remove the dependency array.  react-hooks/exhaustive-deps

./src/lib/advanced-ocr.ts
870:1  Warning: Assign object to a variable before exporting as module default  import/no-anonymous-default-export

./src/lib/tensorflow-ocr.ts
250:1  Warning: Assign object to a variable before exporting as module default  import/no-anonymous-default-export

./src/lib/useSync.ts
189:6  Warning: React Hook useEffect has a missing dependency: 'refetch'. Either include it or remove the dependency array.  react-hooks/exhaustive-deps
189:16  Warning: React Hook useEffect has a spread element in its dependency array. This means we can't statically verify whether you've passed the correct dependencies.  react-hooks/exhaustive-deps
268:6  Warning: React Hook useCallback has a missing dependency: 'syncResult'. Either include it or remove the dependency array.  react-hooks/exhaustive-deps
272:6  Warning: React Hook useCallback has a missing dependency: 'syncResult'. Either include it or remove the dependency array.  react-hooks/exhaustive-deps
292:6  Warning: React Hook useCallback has a missing dependency: 'syncResult'. Either include it or remove the dependency array.  react-hooks/exhaustive-deps

info  - Need to disable some ESLint rules? Learn more here: https://nextjs.org/docs/basic-features/eslint#disabling-rules
node.exe : Failed to compile.
At line:1 char:1
+ & "C:\Program Files\nodejs/node.exe" "C:\Program Files\nodejs/node_mo ...
+ ~~~~~~~~~~~~~~~~~~~~~~~~~~~~~~~~~~~~~~~~~~~~~~~~~~~~~~~~~~~~~~~~~~~~~
    + CategoryInfo          : NotSpecified: (Failed to compile.:String) [], Re 
   moteException
    + FullyQualifiedErrorId : NativeCommandError
 

./src/app/dashboard/checklists/new/page.tsx:200:21
Type error: Cannot find name 'jsPDF'.

[0m [90m 198 |[39m     }[0m
[0m [90m 199 |[39m[0m
[0m[31m[1m>[22m[39m[90m 200 |[39m     [36mconst[39m doc [33m=[39m 
[36mnew[39m jsPDF()[33m;[39m[0m
[0m [90m     |[39m                     [31m[1m^[22m[39m[0m
[0m [90m 201 |[39m     [36mconst[39m pageWidth [33m=[39m 
doc[33m.[39minternal[33m.[39mpageSize[33m.[39mwidth[33m;[39m[0m
[0m [90m 202 |[39m     [36mlet[39m yPos [33m=[39m 
[35m20[39m[33m;[39m[0m
[0m [90m 203 |[39m[0m
Next.js build worker exited with code: 1 and signal: null
